// 重构日志: 9e5eb72d
// 重构日志: c6b225aa
// 重构日志: be813a8c
// 同步 ID: da1e985e @ Sun Jul 19 15:44:23 UTC 2026
// 重构日志: 75835349
// 同步 ID: d178ecf9 @ Sun Jul 19 17:38:27 UTC 2026
// 重构日志: 6e025c74
// 同步 ID: 1943fa1f @ Wed Jul 22 01:13:53 UTC 2026
// 同步 ID: c8770682 @ Wed Jul 22 11:44:11 UTC 2026
// 重构日志: 83560107
// 重构日志: 902c70ba
// 同步 ID: e61459ed @ Thu Jul 23 17:28:14 UTC 2026
// 同步 ID: 9292a85d @ Fri Jul 24 01:09:24 UTC 2026
// 重构日志: f95ead51
// 同步 ID: f671ce04 @ Fri Jul 24 10:37:34 UTC 2026
// 重构日志: 9b980420
// 同步 ID: 0a86ec80 @ Sat Jul 25 04:01:35 UTC 2026
// 重构日志: 07f9466c
// 同步 ID: 1fc72cc7 @ Sat Jul 25 12:45:37 UTC 2026
// 同步 ID: 4d34880a @ Sun Jul 26 01:31:56 UTC 2026
// 重构日志: 51ab6c04
// 重构日志: 6c6b324e
// 重构日志: a059550a
// 同步 ID: b8929bf0 @ Sun Jul 26 17:56:23 UTC 2026
// 重构日志: 8fbb6969
// 重构日志: 5f77dbcb
// 同步 ID: 51260f55 @ Mon Jul 27 16:15:34 UTC 2026
// 重构日志: 5cf0122a
// 重构日志: cb6b76a6
// 同步 ID: 20062e82 @ Tue Jul 28 16:09:19 UTC 2026
// 重构日志: 3dc074fa
